// Jest Snapshot v1, https://goo.gl/fbAQLP

exports[`Pruebas en ToDoList should show component correctly 1`] = `
<div>
  <ul
    className="list-group list-group-flush"
  >
    <ToDoItem
      handleDelete={[MockFunction]}
      handleToggle={[MockFunction]}
      index={0}
      key="1"
      toDo={
        Object {
          "desc": "Aprender React",
          "done": false,
          "id": 1,
        }
      }
    />
    <ToDoItem
      handleDelete={[MockFunction]}
      handleToggle={[MockFunction]}
      index={1}
      key="2"
      toDo={
        Object {
          "desc": "Aprender Mongo",
          "done": false,
          "id": 2,
        }
      }
    />
  </ul>
</div>
`;
