// Jest Snapshot v1, https://goo.gl/fbAQLP

exports[`Pruebas en ToDoAdd should match snapshot 1`] = `
<div>
  <h3>
    Agregar To Do
  </h3>
  <form
    onSubmit={[Function]}
  >
    <input
      autoComplete="off"
      className="form-control"
      name="description"
      onChange={[Function]}
      placeholder="Aprender..."
      type="text"
      value=""
    />
    <button
      className="btn btn-outline-primary mt-2 mb-5 btn-block"
      type="submit"
    >
      Agregar
    </button>
  </form>
</div>
`;
