// Jest Snapshot v1, https://goo.gl/fbAQLP

exports[`Pruebas en Multiple Custom Hooks should match snapshot 1`] = `
<div>
  <h1>
    Custom Hooks!!
  </h1>
  <hr />
  <div
    className="alert alert-info text-center"
  >
    Loading...
  </div>
</div>
`;
