// Jest Snapshot v1, https://goo.gl/fbAQLP

exports[`Pruebas en React Example Ref should match snapshot 1`] = `
<div>
  <h1>
    React Example Ref
  </h1>
  <button
    className="btn btn-primary"
    onClick={[Function]}
  >
    Show/Hide
  </button>
</div>
`;
