// Jest Snapshot v1, https://goo.gl/fbAQLP

exports[`Pruebas en HookApp should show it correctly 1`] = `
<div>
  <h1>
    Hi
  </h1>
</div>
`;
