// Jest Snapshot v1, https://goo.gl/fbAQLP

exports[`Pruebas en HomeScreen should match snapshot 1`] = `
<div>
  <h1>
    Home Screen
  </h1>
  <hr />
  <pre>
    {
   "name": "Victoria",
   "email": "vics@gmail.com"
}
  </pre>
</div>
`;
