// Jest Snapshot v1, https://goo.gl/fbAQLP

exports[`Pruebas en el Login Screen should match snapshot 1`] = `
<div>
  <h1>
    Login Screen
  </h1>
  <hr />
  <button
    className="btn btn-primary"
    onClick={[Function]}
  >
    Cambiar user
  </button>
</div>
`;
